x                   y           Resultado
20                  38                   0
62                  65                   1
232                 181                  0
154                 108                  1
